core.Brand{BrandID:1, Name:"Samsung Electronics", URL:"samsung-electronics"}
nil