{
    "type": "INFO",
    "name": "viewed product with id = 2 on device 2",
    "description": ""
}