core.Brand{BrandID:1, Name:"Samsung", URL:"samsung"}
nil