{
    "ProductID": 3,
    "Name": "HP 250 G7 6BP58EA (15.6, i3, 8GB RAM, 256GB SSD, Intel HD, Win10p)",
    "Price": 529900,
    "Discount": 80000,
    "Quantity": 0,
    "Description": "",
    "Recommended": false,
    "Brand": "HP",
    "BrandID": 4,
    "Category": "Raƒçunala",
    "CategoryID": 2
}
