{
    "product_id": 5,
    "name": "Sony KDL-32WE615 televizor, 32\" (82 cm), LED, HD ready, HDR, HEVC (H.265)",
    "price": 289900,
    "discount": 0,
    "quantity": 1,
    "description": "",
    "recommended": false,
    "brand": "Sony",
    "brand_id": 2
}