core.Category{CategoryID:1, Name:"Laptopi", URL:"laptopi"}
nil