core.Customer{CustomerID:6, Name:"novi kupac", Address:"Vladimira Nazora 45", PostalCode:"", City:"", Country:"", Phone:"", OIB:"", CreatedAt:"", UpdatedAt:"", Type:"Fiziƒçka osoba", TypeID:1}
nil