core.Customer{}
&errors.errorString{s:"Kupac mora imati tip"}