{
  "status": 404,
  "message": "ProductFeatureUpdate: Značajka proizvoda ne postoji"
}