{
    "category_id": 2,
    "name": "SSD",
    "category": "Računala",
    "recommended": true
}