{
  "status": 400,
  "message": "ProductFeatureCreate: Značajka proizvoda mora imati ime"
}