{
  "status": 200,
  "message": "ProductFeatureGet",
  "data": {
    "product_feature_id": 4,
    "category_id": 3,
    "name": "OS EDIT",
    "recommended": true,
    "category": "Televizije"
  }
}