{
    "Name": "PlayStation 4 500GB F Chassis Black",
    "Price": 299900,
    "Discount": 100000,
    "Quantity": 15,
    "Description": "Sony Playstation 4 je napravio veliki hardverski odmak...",
    "Recommended": true,
    "Category": "IgraÄ‡e konzole",
    "CategoryID": 4
}
