{
    "Name": "",
    "Price": 299900,
    "Discount": 100000,
    "Quantity": 15,
    "Description": "Sony Playstation 4 je napravio veliki hardverski odmak...",
    "Recommended": true,
    "Brand": "Sony",
    "BrandID": 2,
    "Category": "IgraÄ‡e konzole",
    "CategoryID": 4
}
