{
    "BrandID": 1,
    "Name": "Samsung Electronics"
}
