{
    "BrandID": 50,
    "Name": "Samsung Electronics"
}
