{
  "status": 404,
  "message": "EventGet: Event nije pronaÄ‘en"
}