{
    "CategoryID": 5,
    "Name": "Prijenosna računala"
}
