{
    "CategoryID": 50,
    "Name": "Prijenosna računala"
}
