{
  "status": 500,
  "message": "PogreÅ¡ka pri deserializaciji zahtjeva"
}