core.Brand{BrandID:7, Name:"Hrvatske Å¾eljeznice", URL:"hrvatske-zeljeznice"}
nil