{
  "status": 200,
  "message": "EventGetList",
  "data": []
}