core.Category{}
&errors.errorString{s:"Kategorija mora imati ime"}