{
  "status": 400,
  "message": "Event mora imati tip"
}