{
  "status": 200,
  "message": "EventGet",
  "data": {
    "event_id": 5,
    "type": "INFO",
    "name": "viewed product with id = 2 on device 2",
    "description": "",
  }
}