[]core.Product{
    {
        ProductID:       3,
        Name:            "HP 250 G7 6BP58EA (15.6, i3, 8GB RAM, 256GB SSD, Intel HD, Win10p)",
        Price:           529900,
        Discount:        80000,
        Quantity:        0,
        Description:     "",
        URL:             "hp-250-g7-6bp58ea-156-i3-8gb-ram-256gb-ssd-intel-hd-win10p",
        Recommended:     false,
        CreatedAt:       "2020-10-12T17:13:54.287936Z",
        UpdatedAt:       "2020-10-14T17:13:54.287936Z",
        Brand:           "HP",
        BrandID:         4,
        Category:        "Laptopi",
        CategoryID:      1,
        Images:          nil,
        Features:        nil,
        Publications:    nil,
        Recommendations: nil,
    },
    {
        ProductID:       1,
        Name:            "PlayStation 4 500GB F Chassis Black",
        Price:           299900,
        Discount:        100000,
        Quantity:        0,
        Description:     "",
        URL:             "playstation-4-500gb-f-chassis-black",
        Recommended:     true,
        CreatedAt:       "2020-10-12T17:13:54.287936Z",
        UpdatedAt:       "2020-10-13T17:13:54.287936Z",
        Brand:           "Sony",
        BrandID:         2,
        Category:        "IgraÄ‡e konzole",
        CategoryID:      4,
        Images:          nil,
        Features:        nil,
        Publications:    nil,
        Recommendations: nil,
    },
    {
        ProductID:       2,
        Name:            "Dell Inspiron 5482 2in1, I5I507-273182898",
        Price:           649900,
        Discount:        60000,
        Quantity:        0,
        Description:     "",
        URL:             "dell-inspiron-5482-2in1-i5i507-273182898",
        Recommended:     false,
        CreatedAt:       "2020-10-12T17:13:54.287936Z",
        UpdatedAt:       "2020-10-13T17:13:54.287936Z",
        Brand:           "Dell",
        BrandID:         3,
        Category:        "Laptopi",
        CategoryID:      1,
        Images:          nil,
        Features:        nil,
        Publications:    nil,
        Recommendations: nil,
    },
}
nil