core.Product{
    ProductID:   1,
    Name:        "PlayStation 4 500GB F Chassis Black EDIT",
    Price:       299900,
    Discount:    100000,
    Quantity:    3,
    Description: "Sony Playstation 4 je napravio veliki hardverski odmak...",
    URL:         "playstation-4-500gb-f-chassis-black-edit",
    Recommended: true,
    CreatedAt:   "",
    UpdatedAt:   "",
    Brand:       "Sony",
    BrandID:     2,
    Category:    "IgraÄ‡e konzole",
    CategoryID:  4,
    Images:      {
        {ImageID:6, URL:"https://api.amadeus2.hr/images/253/1137?options=600 EDIT"},
    },
    Features:        nil,
    Publications:    nil,
    Recommendations: nil,
}
nil