{
  "status": 404,
  "message": "Proizvod ne postoji"
}