{
  "status": 200,
  "message": "ProductFeatureGet",
  "data": {
    "product_feature_id": 1,
    "category_id": 1,
    "name": "Procesor",
    "recommended": true,
    "category": "Laptopi"
  }
}