{
  "status": 404,
  "message": "ProductGet: Proizvod nije pronaÄ‘en"
}