{
  "status": 200,
  "message": "",
  "data": {
    "product_id": 7,
    "name": "Lenovo ideapad L340-15API, 81LW0047SC",
    "price": 389900,
    "discount": 135000,
    "quantity": 1,
    "description": "Lenovo ideapad L340-15API, 81LW0047SC, 15.6\" FHD (1920x1080) TN 220nits Anti-glare, AMD...",
    "url": "Lenovo-ideapad-L340-15API-81LW0047SC",
    "recommended": false,
    "created_at": "2020-11-17T15:21:53.830741Z",
    "updated_at": "2020-11-17T15:21:53.830741Z",
    "brand": "Lenovo",
    "brand_id": 5,
    "category": "Laptopi",
    "category_id": 1,
    "product_images": [
      {
        "product_id": 7,
        "product_image_id": 5,
        "url": "https://api.amadeus2.hr/images/253/1137?options=600"
      }
    ],
    "product_features": [
      {
        "product_id": 7,
        "product_feature_id": 1,
        "product_feature_value_id": 5,
        "category_id": 1,
        "name": "Procesor",
        "value": "AMD Ryzen 3 3200U (2C / 4T, 2.6 / 3.5GHz, 1MB L2 / 4MB L3)",
        "recommended": true
      },
      {
        "product_id": 7,
        "product_feature_id": 3,
        "product_feature_value_id": 6,
        "category_id": 1,
        "name": "OS",
        "value": "Free DOS",
        "recommended": false
      }
    ],
    "product_publications": [
      {
        "product_id": 7,
        "publication_id": 1,
        "product_publication_id": 3,
        "name": "amadeus2.hr"
      }
    ],
    "product_recommendations": [
      {
        "product_id": 2,
        "name": "Dell Inspiron 5482 2in1, I5I507-273182898",
        "price": 649900,
        "discount": 60000,
        "quantity": 1,
        "url": "dell-inspiron-5482-2in1-i5i507-273182898",
        "recommended": false,
        "created_at": "2020-10-12T17:13:54.287936Z",
        "updated_at": "2020-10-13T17:13:54.287936Z",
        "brand": "Dell",
        "category": "Laptopi"
      },
      {
        "product_id": 3,
        "name": "HP 250 G7 6BP58EA (15.6, i3, 8GB RAM, 256GB SSD, Intel HD, Win10p)",
        "price": 529900,
        "discount": 80000,
        "quantity": 0,
        "url": "hp-250-g7-6bp58ea-156-i3-8gb-ram-256gb-ssd-intel-hd-win10p",
        "recommended": false,
        "created_at": "2020-10-12T17:13:54.287936Z",
        "updated_at": "2020-10-14T17:13:54.287936Z",
        "brand": "HP",
        "category": "Laptopi"
      }
    ]
  }
}