{
  "status": 400,
  "message": "Proizvod mora imati ime"
}