{
  "status": 400,
  "message": "ProductCreate: Proizvod mora imati cijenu"
}