{
  "status": 200,
  "message": "num",
  "data": 2
}